Starting project at /app
React Compiler enabled
Starting Metro Bundler
The following packages should be updated for best compatibility with the installed expo version:
  @react-native-community/slider@5.1.1 - expected version: 5.0.1
  expo@54.0.30 - expected version: ~54.0.33
  expo-constants@18.0.12 - expected version: ~18.0.13
  expo-font@14.0.10 - expected version: ~14.0.11
  expo-router@6.0.21 - expected version: ~6.0.23
  react-native-svg@15.15.1 - expected version: 15.12.1
  react-native-webview@13.16.0 - expected version: 13.15.0
Your project may not work correctly until you install the expected versions of the packages.
Waiting on http://localhost:8081
Logs for your project will appear below.
Web node_modules/expo-router/entry.js ░░░░░░░░░░░░░░░░  0.0% (0/1)
Web node_modules/expo-router/entry.js ▓▓▓▓░░░░░░░░░░░░ 25.0% ( 80/183)
λ node_modules/expo-router/node/render.js ░░░░░░░░░░░░░░░░  4.0% ( 23/134)
Web node_modules/expo-router/entry.js ▓▓▓▓▓▓▓░░░░░░░░░ 47.2% (188/275)
λ node_modules/expo-router/node/render.js ▓▓▓▓▓░░░░░░░░░░░ 34.5% (279/502)
Web node_modules/expo-router/entry.js ▓▓▓▓▓▓▓▓░░░░░░░░ 51.2% (261/401)
λ node_modules/expo-router/node/render.js ▓▓▓▓▓▓▓▓▓░░░░░░░ 57.8% (468/659)
Web node_modules/expo-router/entry.js ▓▓▓▓▓▓▓▓░░░░░░░░ 51.2% (340/498)
λ node_modules/expo-router/node/render.js ▓▓▓▓▓▓▓▓▓░░░░░░░ 57.8% ( 533/2711)
Web node_modules/expo-router/entry.js ▓▓▓▓▓▓▓▓░░░░░░░░ 51.2% (409/588)
λ node_modules/expo-router/node/render.js ▓▓▓▓▓▓▓▓▓░░░░░░░ 57.8% ( 941/3014)
Web node_modules/expo-router/entry.js ▓▓▓▓▓▓▓▓░░░░░░░░ 51.2% (423/598)
λ node_modules/expo-router/node/render.js ▓▓▓▓▓▓▓▓▓░░░░░░░ 57.8% (1931/3331)
Web node_modules/expo-router/entry.js ▓▓▓▓▓▓▓▓░░░░░░░░ 56.1% (497/688)
λ node_modules/expo-router/node/render.js ▓▓▓▓▓▓▓▓▓▓░░░░░░ 65.9% (2715/3345)
Web node_modules/expo-router/entry.js ▓▓▓▓▓▓▓▓░░░░░░░░ 56.1% ( 583/2781)
λ node_modules/expo-router/node/render.js ▓▓▓▓▓▓▓▓▓▓░░░░░░ 67.2% (2839/3462)
Web node_modules/expo-router/entry.js ▓▓▓▓▓▓▓▓░░░░░░░░ 56.1% ( 742/2941)
λ node_modules/expo-router/node/render.js ▓▓▓▓▓▓▓▓▓▓▓▓▓▓░░ 88.8% (3347/3551)
Web node_modules/expo-router/entry.js ▓▓▓▓▓▓▓▓░░░░░░░░ 56.1% (1940/3376)
λ node_modules/expo-router/node/render.js ▓▓▓▓▓▓▓▓▓▓▓▓▓▓░░ 88.8% (3347/3551)
Web node_modules/expo-router/entry.js ▓▓▓▓▓▓▓▓▓▓░░░░░░ 65.8% (2763/3406)
λ node_modules/expo-router/node/render.js ▓▓▓▓▓▓▓▓▓▓▓▓▓▓░░ 90.3% (3423/3603)
Web node_modules/expo-router/entry.js ▓▓▓▓▓▓▓▓▓▓▓▓▓░░░ 85.0% (3297/3577)
λ node_modules/expo-router/node/render.js ▓▓▓▓▓▓▓▓▓▓▓▓▓▓░░ 93.3% (3550/3724)
Web node_modules/expo-router/entry.js ▓▓▓▓▓▓▓▓▓▓▓▓▓▓░░ 91.9% (3579/3734)
λ node_modules/expo-router/node/render.js ▓▓▓▓▓▓▓▓▓▓▓▓▓▓▓░ 95.5% (3793/3894)
Web node_modules/expo-router/entry.js ▓▓▓▓▓▓▓▓▓▓▓▓▓▓▓░ 99.1% (4032/4051)
λ node_modules/expo-router/node/render.js ▓▓▓▓▓▓▓▓▓▓▓▓▓▓▓░ 98.6% (4042/4071)
λ Bundling failed 49418ms node_modules/expo-router/node/render.js (4071 modules)

Metro error: Unable to resolve module @gorhom/bottom-sheet from /app/src/components/chat/ReferencesSheet.tsx: @gorhom/bottom-sheet could not be found within the project or in these directories:
  node_modules
[0m [90m 1 |[39m [36mimport[39m [33mReact[39m[33m,[39m { useRef[33m,[39m useMemo } [36mfrom[39m [32m'react'[39m[33m;[39m
 [90m 2 |[39m [36mimport[39m { [33mView[39m[33m,[39m [33mText[39m[33m,[39m [33mPressable[39m[33m,[39m [33mLinking[39m } [36mfrom[39m [32m'react-native'[39m[33m;[39m
[31m[1m>[22m[39m[90m 3 |[39m [36mimport[39m [33mBottomSheet[39m[33m,[39m { [33mBottomSheetScrollView[39m[33m,[39m [33mBottomSheetBackdrop[39m } [36mfrom[39m [32m'@gorhom/bottom-sheet'[39m[33m;[39m
 [90m   |[39m                                                                          [31m[1m^[22m[39m
 [90m 4 |[39m [36mimport[39m { [33mSourceRef[39m } [36mfrom[39m [32m'../../types/chat'[39m[33m;[39m
 [90m 5 |[39m [36mimport[39m { [33mFileText[39m[33m,[39m [33mLink[39m[33m,[39m [33mYoutube[39m[33m,[39m [33mImage[39m [36mas[39m [33mImageIcon[39m[33m,[39m [33mX[39m } [36mfrom[39m [32m'lucide-react-native'[39m[33m;[39m
 [90m 6 |[39m [36mimport[39m { themeClasses } [36mfrom[39m [32m'../../theme/classes'[39m[33m;[39m[0m

Import stack:

 src/components/chat/ReferencesSheet.tsx
 | import "@gorhom/bottom-sheet"

 app/chat/[id].tsx
 | import "../../src/components/chat/ReferencesSheet"

 app (require.context)


Call Stack
  <unknown> (src/components/chat/ReferencesSheet.tsx:0)
Web node_modules/expo-router/entry.js ▓▓▓▓▓▓▓▓▓▓▓▓▓▓▓░ 99.4% (4057/4069)
Web Bundling failed 49476ms node_modules/expo-router/entry.js (4069 modules)
