npm warn exec The following package was not found and will be installed: expo@54.0.33
npm warn deprecated inflight@1.0.6: This module is not supported, and leaks memory. Do not use it. Check out lru-cache if you want a good and tested way to coalesce async requests by a key value, which is much more comprehensive and powerful.
npm warn deprecated glob@7.2.3: Old versions of glob are not supported, and contain widely publicized security vulnerabilities, which have been fixed in the current version. Please update. Support for old versions may be purchased (at exorbitant rates) by contacting i@izs.me
npm warn deprecated glob@7.2.3: Old versions of glob are not supported, and contain widely publicized security vulnerabilities, which have been fixed in the current version. Please update. Support for old versions may be purchased (at exorbitant rates) by contacting i@izs.me
npm warn deprecated glob@7.2.3: Old versions of glob are not supported, and contain widely publicized security vulnerabilities, which have been fixed in the current version. Please update. Support for old versions may be purchased (at exorbitant rates) by contacting i@izs.me
npm warn deprecated glob@7.2.3: Old versions of glob are not supported, and contain widely publicized security vulnerabilities, which have been fixed in the current version. Please update. Support for old versions may be purchased (at exorbitant rates) by contacting i@izs.me
npm warn deprecated rimraf@3.0.2: Rimraf versions prior to v4 are no longer supported
Starting project at /app
PluginError: Unable to resolve a valid config plugin for expo-router.
• main export of expo-router does not appear to be a config plugin: the following error was thrown when importing /app/node_modules/expo-router/app.plugin.js: Cannot find module './plugin/build'
Require stack:
- /app/node_modules/expo-router/app.plugin.js
- /home/jules/.npm/_npx/249ca9fcd30c476a/node_modules/@expo/config-plugins/build/utils/plugin-resolver.js
- /home/jules/.npm/_npx/249ca9fcd30c476a/node_modules/@expo/config-plugins/build/plugins/withStaticPlugin.js
- /home/jules/.npm/_npx/249ca9fcd30c476a/node_modules/@expo/config-plugins/build/plugins/withPlugins.js
- /home/jules/.npm/_npx/249ca9fcd30c476a/node_modules/@expo/config-plugins/build/index.js
- /home/jules/.npm/_npx/249ca9fcd30c476a/node_modules/@expo/config/build/plugins/withConfigPlugins.js
- /home/jules/.npm/_npx/249ca9fcd30c476a/node_modules/@expo/config/build/Config.js
- /home/jules/.npm/_npx/249ca9fcd30c476a/node_modules/@expo/config/build/index.js
- /home/jules/.npm/_npx/249ca9fcd30c476a/node_modules/@expo/cli/build/src/start/detectDevClient.js
- /home/jules/.npm/_npx/249ca9fcd30c476a/node_modules/@expo/cli/build/src/start/resolveOptions.js
- /home/jules/.npm/_npx/249ca9fcd30c476a/node_modules/@expo/cli/build/src/start/index.js
- /home/jules/.npm/_npx/249ca9fcd30c476a/node_modules/@expo/cli/build/bin/cli
- /home/jules/.npm/_npx/249ca9fcd30c476a/node_modules/expo/bin/cli MODULE_NOT_FOUND
Verify that expo-router includes a config plugin. If it does not, then remove the entry from plugins in your app config file. Learn more: https://docs.expo.dev/guides/config-plugins/
Error: Cannot find module './plugin/build'
Require stack:
- /app/node_modules/expo-router/app.plugin.js
- /home/jules/.npm/_npx/249ca9fcd30c476a/node_modules/@expo/config-plugins/build/utils/plugin-resolver.js
- /home/jules/.npm/_npx/249ca9fcd30c476a/node_modules/@expo/config-plugins/build/plugins/withStaticPlugin.js
- /home/jules/.npm/_npx/249ca9fcd30c476a/node_modules/@expo/config-plugins/build/plugins/withPlugins.js
- /home/jules/.npm/_npx/249ca9fcd30c476a/node_modules/@expo/config-plugins/build/index.js
- /home/jules/.npm/_npx/249ca9fcd30c476a/node_modules/@expo/config/build/plugins/withConfigPlugins.js
- /home/jules/.npm/_npx/249ca9fcd30c476a/node_modules/@expo/config/build/Config.js
- /home/jules/.npm/_npx/249ca9fcd30c476a/node_modules/@expo/config/build/index.js
- /home/jules/.npm/_npx/249ca9fcd30c476a/node_modules/@expo/cli/build/src/start/detectDevClient.js
- /home/jules/.npm/_npx/249ca9fcd30c476a/node_modules/@expo/cli/build/src/start/resolveOptions.js
- /home/jules/.npm/_npx/249ca9fcd30c476a/node_modules/@expo/cli/build/src/start/index.js
- /home/jules/.npm/_npx/249ca9fcd30c476a/node_modules/@expo/cli/build/bin/cli
- /home/jules/.npm/_npx/249ca9fcd30c476a/node_modules/expo/bin/cli
    at Function._resolveFilename (node:internal/modules/cjs/loader:1383:15)
    at defaultResolveImpl (node:internal/modules/cjs/loader:1025:19)
    at resolveForCJSWithHooks (node:internal/modules/cjs/loader:1030:22)
    at Function._load (node:internal/modules/cjs/loader:1192:37)
    at TracingChannel.traceSync (node:diagnostics_channel:328:14)
    at wrapModuleLoad (node:internal/modules/cjs/loader:237:24)
    at Module.require (node:internal/modules/cjs/loader:1463:12)
    at require (node:internal/modules/helpers:147:16)
    at Object.<anonymous> (/app/node_modules/expo-router/app.plugin.js:1:18)
    at Module._compile (node:internal/modules/cjs/loader:1706:14)
npm notice
npm notice New minor version of npm available! 11.7.0 -> 11.9.0
npm notice Changelog: https://github.com/npm/cli/releases/tag/v11.9.0
npm notice To update run: npm install -g npm@11.9.0
npm notice
