SENDGRID_SENDER = None
Consider using the pymupdf_layout package for a greatly improved page layout analysis.
Traceback (most recent call last):
  File "/app/backend/manage.py", line 22, in <module>
    main()
  File "/app/backend/manage.py", line 18, in main
    execute_from_command_line(sys.argv)
  File "/home/jules/.pyenv/versions/3.12.12/lib/python3.12/site-packages/django/core/management/__init__.py", line 443, in execute_from_command_line
    utility.execute()
  File "/home/jules/.pyenv/versions/3.12.12/lib/python3.12/site-packages/django/core/management/__init__.py", line 437, in execute
    self.fetch_command(subcommand).run_from_argv(self.argv)
  File "/home/jules/.pyenv/versions/3.12.12/lib/python3.12/site-packages/django/core/management/commands/test.py", line 24, in run_from_argv
    super().run_from_argv(argv)
  File "/home/jules/.pyenv/versions/3.12.12/lib/python3.12/site-packages/django/core/management/base.py", line 420, in run_from_argv
    self.execute(*args, **cmd_options)
  File "/home/jules/.pyenv/versions/3.12.12/lib/python3.12/site-packages/django/core/management/base.py", line 464, in execute
    output = self.handle(*args, **options)
             ^^^^^^^^^^^^^^^^^^^^^^^^^^^^^
  File "/home/jules/.pyenv/versions/3.12.12/lib/python3.12/site-packages/django/core/management/commands/test.py", line 63, in handle
    failures = test_runner.run_tests(test_labels)
               ^^^^^^^^^^^^^^^^^^^^^^^^^^^^^^^^^^
  File "/home/jules/.pyenv/versions/3.12.12/lib/python3.12/site-packages/django/test/runner.py", line 1132, in run_tests
    suite = self.build_suite(test_labels)
            ^^^^^^^^^^^^^^^^^^^^^^^^^^^^^
  File "/home/jules/.pyenv/versions/3.12.12/lib/python3.12/site-packages/django/test/runner.py", line 988, in build_suite
    tests = self.load_tests_for_label(label, discover_kwargs)
            ^^^^^^^^^^^^^^^^^^^^^^^^^^^^^^^^^^^^^^^^^^^^^^^^^
  File "/home/jules/.pyenv/versions/3.12.12/lib/python3.12/site-packages/django/test/runner.py", line 969, in load_tests_for_label
    tests = self.test_loader.discover(start_dir=label, **kwargs)
            ^^^^^^^^^^^^^^^^^^^^^^^^^^^^^^^^^^^^^^^^^^^^^^^^^^^^
  File "/home/jules/.pyenv/versions/3.12.12/lib/python3.12/unittest/loader.py", line 310, in discover
    tests = list(self._find_tests(start_dir, pattern))
            ^^^^^^^^^^^^^^^^^^^^^^^^^^^^^^^^^^^^^^^^^^
  File "/home/jules/.pyenv/versions/3.12.12/lib/python3.12/unittest/loader.py", line 366, in _find_tests
    tests, should_recurse = self._find_test_path(full_path, pattern)
                            ^^^^^^^^^^^^^^^^^^^^^^^^^^^^^^^^^^^^^^^^
  File "/home/jules/.pyenv/versions/3.12.12/lib/python3.12/unittest/loader.py", line 418, in _find_test_path
    raise ImportError(
ImportError: 'tests' module incorrectly imported from '/app/backend/chat/tests'. Expected '/app/backend/chat'. Is this module globally installed?
