Creating test database for alias 'default'...
SENDGRID_SENDER = None
Consider using the pymupdf_layout package for a greatly improved page layout analysis.
Found 4 test(s).
/home/jules/.pyenv/versions/3.12.12/lib/python3.12/site-packages/pydub/utils.py:170: RuntimeWarning: Couldn't find ffmpeg or avconv - defaulting to ffmpeg, but may not work
  warn("Couldn't find ffmpeg or avconv - defaulting to ffmpeg, but may not work", RuntimeWarning)
System check identified no issues (0 silenced).
..Truncating text from 300 tokens to 200 tokens.
..
----------------------------------------------------------------------
Ran 4 tests in 0.024s

OK
Destroying test database for alias 'default'...
